<?xml version="1.0" encoding="UTF-8"?>
<testsuites name="Mocha Tests" time="2.706" tests="7" failures="0">
  <testsuite name="Root Suite" timestamp="2018-08-29T15:55:15" tests="0" failures="0" time="0">
  </testsuite>
  <testsuite name="Dummy Test" timestamp="2018-08-29T15:55:15" tests="0" file="/mnt/c/Dev/nodejs-demoapp/tests/alltests.js" failures="0" time="0">
  </testsuite>
  <testsuite name="This is a test" timestamp="2018-08-29T15:55:15" tests="1" file="/mnt/c/Dev/nodejs-demoapp/tests/alltests.js" failures="0" time="0.001">
    <testcase name="Dummy Test This is a test checks nothing" time="0.001" classname="checks nothing">
    </testcase>
  </testsuite>
  <testsuite name="Main app routes" timestamp="2018-08-29T15:55:15" tests="0" file="/mnt/c/Dev/nodejs-demoapp/tests/alltests.js" failures="0" time="0">
  </testsuite>
  <testsuite name="Check /home URL" timestamp="2018-08-29T15:55:15" tests="2" file="/mnt/c/Dev/nodejs-demoapp/tests/alltests.js" failures="0" time="0.056">
    <testcase name="Main app routes Check /home URL returns status 200" time="0.047" classname="returns status 200">
    </testcase>
    <testcase name="Main app routes Check /home URL has valid content" time="0.009" classname="has valid content">
    </testcase>
  </testsuite>
  <testsuite name="Check /info URL" timestamp="2018-08-29T15:55:15" tests="2" file="/mnt/c/Dev/nodejs-demoapp/tests/alltests.js" failures="0" time="0.020999999999999998">
    <testcase name="Main app routes Check /info URL returns status 200" time="0.01" classname="returns status 200">
    </testcase>
    <testcase name="Main app routes Check /info URL has valid content" time="0.011" classname="has valid content">
    </testcase>
  </testsuite>
  <testsuite name="Check /load URL" timestamp="2018-08-29T15:55:15" tests="2" file="/mnt/c/Dev/nodejs-demoapp/tests/alltests.js" failures="0" time="2.628">
    <testcase name="Main app routes Check /load URL returns status 200" time="1.356" classname="returns status 200">
    </testcase>
    <testcase name="Main app routes Check /load URL has valid content" time="1.272" classname="has valid content">
    </testcase>
  </testsuite>
</testsuites>